src/app/onboarding/invite/[token]/page.tsx(91,53): error TS2339: Property 'first_name' does not exist on type '{ first_name: any; last_name: any; consultation_rate: any; }[]'.
src/app/onboarding/invite/[token]/page.tsx(91,89): error TS2339: Property 'last_name' does not exist on type '{ first_name: any; last_name: any; consultation_rate: any; }[]'.
src/app/onboarding/invite/[token]/page.tsx(104,101): error TS2339: Property 'last_name' does not exist on type '{ first_name: any; last_name: any; consultation_rate: any; }[]'.
src/app/onboarding/invite/[token]/page.tsx(116,76): error TS2339: Property 'slot_date' does not exist on type '{ slot_date: any; start_time: any; }[]'.
src/app/onboarding/invite/[token]/page.tsx(119,72): error TS2339: Property 'start_time' does not exist on type '{ slot_date: any; start_time: any; }[]'.
src/app/onboarding/invite/[token]/page.tsx(119,129): error TS2339: Property 'start_time' does not exist on type '{ slot_date: any; start_time: any; }[]'.
src/app/onboarding/invite/[token]/page.tsx(119,183): error TS2339: Property 'start_time' does not exist on type '{ slot_date: any; start_time: any; }[]'.
